// Jest Snapshot v1, https://goo.gl/fbAQLP

exports[`AboutUs component renders AboutUs 1`] = `
<div
  className="about-us-flex-container"
>
  <div
    className="about-us-container"
  >
    <h1>
      The Team
    </h1>
    <ul
      className="team-members"
    >
      <li>
        <img
          className="team-member-photo box-shadow"
          src="https://media-exp1.licdn.com/dms/image/C4E03AQH-Lifp3WhNzg/profile-displayphoto-shrink_800_800/0?e=1588204800&v=beta&t=rxRjvM3yP5JsR62o3lQuwRXXF-LW8VuMT5rSmE16LRY"
        />
        <h2>
          Matt Munch
        </h2>
        <p>
          Software developer with a heart of gold. Will eat cookies at all times.
        </p>
        <a
          href="https://www.linkedin.com/in/mattmunch/"
          rel="noopener noreferrer"
          target="_brel="
        >
          <FaLinkedinIn
            className="social-icon"
          />
        </a>
        <a
          href="https://github.com/Mattmunch"
          rel="noopener noreferrer"
          target="_brel="
        >
          <FaGithub
            className="social-icon"
          />
        </a>
      </li>
      <li>
        <img
          className="team-member-photo box-shadow"
          src="https://media-exp1.licdn.com/dms/image/C5603AQFBThwOTq795A/profile-displayphoto-shrink_200_200/0?e=1588204800&v=beta&t=JJ2nQmdLAhQsyyAcQtO4w_9tOnZqd2Vf_7Q9ogDnsLU"
        />
        <h2>
          Joseph Tatum
        </h2>
        <p>
          Front End Developer, Kate Bush enthusiast, and bakery connoisseur
        </p>
        <a
          href="https://www.linkedin.com/in/josephwtatum/"
          rel="noopener noreferrer"
          target="_brel="
        >
          <FaLinkedinIn
            className="social-icon"
          />
        </a>
        <a
          href="https://github.com/josephtatum"
          rel="noopener noreferrer"
          target="_brel="
        >
          <FaGithub
            className="social-icon"
          />
        </a>
      </li>
      <li>
        <img
          className="team-member-photo box-shadow"
          src="https://media-exp1.licdn.com/dms/image/C5603AQEtUKKp8hF-PA/profile-displayphoto-shrink_800_800/0?e=1588204800&v=beta&t=h2OdgmaUiPcKD7wqHAp3CtOkUhrqeiq3h3_TNXqwmkQ"
        />
        <h2>
          Travis Molter
        </h2>
        <p>
          Software Developer with a background in IT. Quite likes the Trail Blazers.
        </p>
        <a
          href="https://www.linkedin.com/in/travismolter/"
          rel="noopener noreferrer"
          target="_brel="
        >
          <FaLinkedinIn
            className="social-icon"
          />
        </a>
        <a
          href="https://github.com/treem0"
          rel="noopener noreferrer"
          target="_brel="
        >
          <FaGithub
            className="social-icon"
          />
        </a>
      </li>
      <li>
        <img
          className="team-member-photo box-shadow"
          src="https://media-exp1.licdn.com/dms/image/C4E03AQFwRzax1QZcMQ/profile-displayphoto-shrink_800_800/0?e=1588204800&v=beta&t=jiDbP79ZHC7P2kOkgw62Y-o4StNrv-QHaqyHXL_ANv0"
        />
        <h2>
          Ian Andrewson
        </h2>
        <p>
          Ian is a software developer and analog synth enthusiast.
        </p>
        <a
          href="https://www.linkedin.com/in/ianandrewson/"
          rel="noopener noreferrer"
          target="_brel="
        >
          <FaLinkedinIn
            className="social-icon"
          />
        </a>
        <a
          href="https://github.com/ianandrewson"
          rel="noopener noreferrer"
          target="_brel="
        >
          <FaGithub
            className="social-icon"
          />
        </a>
      </li>
    </ul>
    <Link
      className="button-secondary"
      to="/"
    >
      Back to Main
    </Link>
  </div>
</div>
`;
